2026-09-13 21:34:36 | INFO | test_file | Test log message
2026-09-13 21:34:36 | INFO | test_message | LOGGER_TEST_MESSAGE_12345
2026-09-13 21:38:13 | INFO | core.pipeline | Scrape run started | source=google_maps | keyword=فست فود | location=مشهد | run_id=1
2026-09-13 21:38:13 | INFO | core.pipeline | Scraping started | run_id=1
2026-09-13 21:38:13 | INFO | core.pipeline | Scraping finished | run_id=1 | found=2
2026-09-13 21:38:13 | DEBUG | core.pipeline | Business inserted | index=1 | name=Pizza Sara
2026-09-13 21:38:13 | DEBUG | core.pipeline | Business inserted | index=2 | name=Ace Burger
2026-09-13 21:38:13 | INFO | core.pipeline | Scrape run completed | run_id=1 | found=2 | new=2 | updated=0 | duplicates=0 | errors=0
2026-09-13 21:38:13 | DEBUG | core.pipeline | Database session closed | run_id=1
2026-09-13 21:38:13 | INFO | core.pipeline | Scrape run started | source=google_maps | keyword=فست فود | location=مشهد | run_id=1
2026-09-13 21:38:13 | INFO | core.pipeline | Scraping started | run_id=1
2026-09-13 21:38:13 | INFO | core.pipeline | Scraping finished | run_id=1 | found=1
2026-09-13 21:38:13 | DEBUG | core.pipeline | Business inserted | index=1 | name=Pizza Sara
2026-09-13 21:38:13 | INFO | core.pipeline | Scrape run completed | run_id=1 | found=1 | new=1 | updated=0 | duplicates=0 | errors=0
2026-09-13 21:38:13 | DEBUG | core.pipeline | Database session closed | run_id=1
2026-09-13 21:38:13 | INFO | core.pipeline | Scrape run started | source=google_maps | keyword=فست فود | location=مشهد | run_id=2
2026-09-13 21:38:13 | INFO | core.pipeline | Scraping started | run_id=2
2026-09-13 21:38:13 | INFO | core.pipeline | Scraping finished | run_id=2 | found=1
2026-09-13 21:38:13 | DEBUG | core.pipeline | Duplicate business skipped | index=1 | name=Pizza Sara
2026-09-13 21:38:13 | INFO | core.pipeline | Scrape run completed | run_id=2 | found=1 | new=0 | updated=0 | duplicates=1 | errors=0
2026-09-13 21:38:13 | DEBUG | core.pipeline | Database session closed | run_id=2
2026-09-13 21:38:13 | INFO | core.pipeline | Scrape run started | source=google_maps | keyword=فست فود | location=مشهد | run_id=1
2026-09-13 21:38:13 | INFO | core.pipeline | Scraping started | run_id=1
2026-09-13 21:38:13 | INFO | core.pipeline | Scraping finished | run_id=1 | found=1
2026-09-13 21:38:13 | DEBUG | core.pipeline | Business inserted | index=1 | name=Pizza Sara
2026-09-13 21:38:13 | INFO | core.pipeline | Scrape run completed | run_id=1 | found=1 | new=1 | updated=0 | duplicates=0 | errors=0
2026-09-13 21:38:13 | DEBUG | core.pipeline | Database session closed | run_id=1
2026-09-13 21:38:13 | INFO | core.pipeline | Scrape run started | source=google_maps | keyword=فست فود | location=مشهد | run_id=2
2026-09-13 21:38:13 | INFO | core.pipeline | Scraping started | run_id=2
2026-09-13 21:38:13 | INFO | core.pipeline | Scraping finished | run_id=2 | found=1
2026-09-13 21:38:13 | DEBUG | core.pipeline | Business updated | index=1 | name=Pizza Sara
2026-09-13 21:38:13 | INFO | core.pipeline | Scrape run completed | run_id=2 | found=1 | new=0 | updated=1 | duplicates=0 | errors=0
2026-09-13 21:38:13 | DEBUG | core.pipeline | Database session closed | run_id=2
2026-09-13 21:38:13 | INFO | core.pipeline | Scrape run started | source=google_maps | keyword=پیتزا | location=مشهد | run_id=1
2026-09-13 21:38:13 | INFO | core.pipeline | Scraping started | run_id=1
2026-09-13 21:38:13 | INFO | core.pipeline | Scraping finished | run_id=1 | found=1
2026-09-13 21:38:13 | DEBUG | core.pipeline | Business inserted | index=1 | name=Pizza Sara
2026-09-13 21:38:13 | INFO | core.pipeline | Scrape run completed | run_id=1 | found=1 | new=1 | updated=0 | duplicates=0 | errors=0
2026-09-13 21:38:13 | DEBUG | core.pipeline | Database session closed | run_id=1
2026-09-13 21:38:28 | INFO | test_file | Test log message
2026-09-13 21:38:28 | INFO | test_message | LOGGER_TEST_MESSAGE_12345
2026-09-13 21:38:28 | INFO | core.pipeline | Scrape run started | source=google_maps | keyword=فست فود | location=مشهد | run_id=1
2026-09-13 21:38:28 | INFO | core.pipeline | Scraping started | run_id=1
2026-09-13 21:38:28 | INFO | core.pipeline | Scraping finished | run_id=1 | found=2
2026-09-13 21:38:28 | DEBUG | core.pipeline | Business inserted | index=1 | name=Pizza Sara
2026-09-13 21:38:28 | DEBUG | core.pipeline | Business inserted | index=2 | name=Ace Burger
2026-09-13 21:38:28 | INFO | core.pipeline | Scrape run completed | run_id=1 | found=2 | new=2 | updated=0 | duplicates=0 | errors=0
2026-09-13 21:38:28 | DEBUG | core.pipeline | Database session closed | run_id=1
2026-09-13 21:38:28 | INFO | core.pipeline | Scrape run started | source=google_maps | keyword=فست فود | location=مشهد | run_id=1
2026-09-13 21:38:28 | INFO | core.pipeline | Scraping started | run_id=1
2026-09-13 21:38:28 | INFO | core.pipeline | Scraping finished | run_id=1 | found=1
2026-09-13 21:38:28 | DEBUG | core.pipeline | Business inserted | index=1 | name=Pizza Sara
2026-09-13 21:38:28 | INFO | core.pipeline | Scrape run completed | run_id=1 | found=1 | new=1 | updated=0 | duplicates=0 | errors=0
2026-09-13 21:38:28 | DEBUG | core.pipeline | Database session closed | run_id=1
2026-09-13 21:38:28 | INFO | core.pipeline | Scrape run started | source=google_maps | keyword=فست فود | location=مشهد | run_id=2
2026-09-13 21:38:28 | INFO | core.pipeline | Scraping started | run_id=2
2026-09-13 21:38:28 | INFO | core.pipeline | Scraping finished | run_id=2 | found=1
2026-09-13 21:38:28 | DEBUG | core.pipeline | Duplicate business skipped | index=1 | name=Pizza Sara
2026-09-13 21:38:28 | INFO | core.pipeline | Scrape run completed | run_id=2 | found=1 | new=0 | updated=0 | duplicates=1 | errors=0
2026-09-13 21:38:28 | DEBUG | core.pipeline | Database session closed | run_id=2
2026-09-13 21:38:28 | INFO | core.pipeline | Scrape run started | source=google_maps | keyword=فست فود | location=مشهد | run_id=1
2026-09-13 21:38:28 | INFO | core.pipeline | Scraping started | run_id=1
2026-09-13 21:38:28 | INFO | core.pipeline | Scraping finished | run_id=1 | found=1
2026-09-13 21:38:28 | DEBUG | core.pipeline | Business inserted | index=1 | name=Pizza Sara
2026-09-13 21:38:28 | INFO | core.pipeline | Scrape run completed | run_id=1 | found=1 | new=1 | updated=0 | duplicates=0 | errors=0
2026-09-13 21:38:28 | DEBUG | core.pipeline | Database session closed | run_id=1
2026-09-13 21:38:28 | INFO | core.pipeline | Scrape run started | source=google_maps | keyword=فست فود | location=مشهد | run_id=2
2026-09-13 21:38:28 | INFO | core.pipeline | Scraping started | run_id=2
2026-09-13 21:38:28 | INFO | core.pipeline | Scraping finished | run_id=2 | found=1
2026-09-13 21:38:28 | DEBUG | core.pipeline | Business updated | index=1 | name=Pizza Sara
2026-09-13 21:38:28 | INFO | core.pipeline | Scrape run completed | run_id=2 | found=1 | new=0 | updated=1 | duplicates=0 | errors=0
2026-09-13 21:38:28 | DEBUG | core.pipeline | Database session closed | run_id=2
2026-09-13 21:38:28 | INFO | core.pipeline | Scrape run started | source=google_maps | keyword=پیتزا | location=مشهد | run_id=1
2026-09-13 21:38:28 | INFO | core.pipeline | Scraping started | run_id=1
2026-09-13 21:38:28 | INFO | core.pipeline | Scraping finished | run_id=1 | found=1
2026-09-13 21:38:28 | DEBUG | core.pipeline | Business inserted | index=1 | name=Pizza Sara
2026-09-13 21:38:28 | INFO | core.pipeline | Scrape run completed | run_id=1 | found=1 | new=1 | updated=0 | duplicates=0 | errors=0
2026-09-13 21:38:28 | DEBUG | core.pipeline | Database session closed | run_id=1
2026-09-14 05:22:44 | INFO | core.pipeline | Scrape run started | source=google_maps | keyword=فست فود | location=مشهد | run_id=1
2026-09-14 05:22:44 | INFO | core.pipeline | Scraping started | run_id=1
2026-09-14 05:22:44 | INFO | core.pipeline | Scraping finished | run_id=1 | found=2
2026-09-14 05:22:44 | DEBUG | core.pipeline | Business inserted | index=1 | name=Pizza Sara
2026-09-14 05:22:44 | DEBUG | core.pipeline | Business inserted | index=2 | name=Ace Burger
2026-09-14 05:22:44 | INFO | core.pipeline | Scrape run completed | run_id=1 | found=2 | new=2 | updated=0 | duplicates=0 | errors=0
2026-09-14 05:22:44 | DEBUG | core.pipeline | Database session closed | run_id=1
2026-09-14 05:22:44 | INFO | core.pipeline | Scrape run started | source=google_maps | keyword=فست فود | location=مشهد | run_id=1
2026-09-14 05:22:44 | INFO | core.pipeline | Scraping started | run_id=1
2026-09-14 05:22:44 | INFO | core.pipeline | Scraping finished | run_id=1 | found=1
2026-09-14 05:22:44 | DEBUG | core.pipeline | Business inserted | index=1 | name=Pizza Sara
2026-09-14 05:22:44 | INFO | core.pipeline | Scrape run completed | run_id=1 | found=1 | new=1 | updated=0 | duplicates=0 | errors=0
2026-09-14 05:22:44 | DEBUG | core.pipeline | Database session closed | run_id=1
2026-09-14 05:22:44 | INFO | core.pipeline | Scrape run started | source=google_maps | keyword=فست فود | location=مشهد | run_id=2
2026-09-14 05:22:44 | INFO | core.pipeline | Scraping started | run_id=2
2026-09-14 05:22:44 | INFO | core.pipeline | Scraping finished | run_id=2 | found=1
2026-09-14 05:22:44 | DEBUG | core.pipeline | Duplicate business skipped | index=1 | name=Pizza Sara
2026-09-14 05:22:44 | INFO | core.pipeline | Scrape run completed | run_id=2 | found=1 | new=0 | updated=0 | duplicates=1 | errors=0
2026-09-14 05:22:44 | DEBUG | core.pipeline | Database session closed | run_id=2
2026-09-14 05:22:44 | INFO | core.pipeline | Scrape run started | source=google_maps | keyword=فست فود | location=مشهد | run_id=1
2026-09-14 05:22:44 | INFO | core.pipeline | Scraping started | run_id=1
2026-09-14 05:22:44 | INFO | core.pipeline | Scraping finished | run_id=1 | found=1
2026-09-14 05:22:44 | DEBUG | core.pipeline | Business inserted | index=1 | name=Pizza Sara
2026-09-14 05:22:44 | INFO | core.pipeline | Scrape run completed | run_id=1 | found=1 | new=1 | updated=0 | duplicates=0 | errors=0
2026-09-14 05:22:44 | DEBUG | core.pipeline | Database session closed | run_id=1
2026-09-14 05:22:44 | INFO | core.pipeline | Scrape run started | source=google_maps | keyword=فست فود | location=مشهد | run_id=2
2026-09-14 05:22:44 | INFO | core.pipeline | Scraping started | run_id=2
2026-09-14 05:22:44 | INFO | core.pipeline | Scraping finished | run_id=2 | found=1
2026-09-14 05:22:44 | DEBUG | core.pipeline | Business updated | index=1 | name=Pizza Sara
2026-09-14 05:22:44 | INFO | core.pipeline | Scrape run completed | run_id=2 | found=1 | new=0 | updated=1 | duplicates=0 | errors=0
2026-09-14 05:22:44 | DEBUG | core.pipeline | Database session closed | run_id=2
2026-09-14 05:22:44 | INFO | core.pipeline | Scrape run started | source=google_maps | keyword=پیتزا | location=مشهد | run_id=1
2026-09-14 05:22:44 | INFO | core.pipeline | Scraping started | run_id=1
2026-09-14 05:22:44 | INFO | core.pipeline | Scraping finished | run_id=1 | found=1
2026-09-14 05:22:44 | DEBUG | core.pipeline | Business inserted | index=1 | name=Pizza Sara
2026-09-14 05:22:44 | INFO | core.pipeline | Scrape run completed | run_id=1 | found=1 | new=1 | updated=0 | duplicates=0 | errors=0
2026-09-14 05:22:44 | DEBUG | core.pipeline | Database session closed | run_id=1
2026-09-14 05:22:58 | INFO | test_file | Test log message
2026-09-14 05:22:58 | INFO | test_message | LOGGER_TEST_MESSAGE_12345
2026-09-14 05:22:58 | INFO | core.pipeline | Scrape run started | source=google_maps | keyword=فست فود | location=مشهد | run_id=1
2026-09-14 05:22:58 | INFO | core.pipeline | Scraping started | run_id=1
2026-09-14 05:22:58 | INFO | core.pipeline | Scraping finished | run_id=1 | found=2
2026-09-14 05:22:58 | DEBUG | core.pipeline | Business inserted | index=1 | name=Pizza Sara
2026-09-14 05:22:58 | DEBUG | core.pipeline | Business inserted | index=2 | name=Ace Burger
2026-09-14 05:22:58 | INFO | core.pipeline | Scrape run completed | run_id=1 | found=2 | new=2 | updated=0 | duplicates=0 | errors=0
2026-09-14 05:22:58 | DEBUG | core.pipeline | Database session closed | run_id=1
2026-09-14 05:22:58 | INFO | core.pipeline | Scrape run started | source=google_maps | keyword=فست فود | location=مشهد | run_id=1
2026-09-14 05:22:58 | INFO | core.pipeline | Scraping started | run_id=1
2026-09-14 05:22:58 | INFO | core.pipeline | Scraping finished | run_id=1 | found=1
2026-09-14 05:22:58 | DEBUG | core.pipeline | Business inserted | index=1 | name=Pizza Sara
2026-09-14 05:22:58 | INFO | core.pipeline | Scrape run completed | run_id=1 | found=1 | new=1 | updated=0 | duplicates=0 | errors=0
2026-09-14 05:22:58 | DEBUG | core.pipeline | Database session closed | run_id=1
2026-09-14 05:22:58 | INFO | core.pipeline | Scrape run started | source=google_maps | keyword=فست فود | location=مشهد | run_id=2
2026-09-14 05:22:58 | INFO | core.pipeline | Scraping started | run_id=2
2026-09-14 05:22:58 | INFO | core.pipeline | Scraping finished | run_id=2 | found=1
2026-09-14 05:22:58 | DEBUG | core.pipeline | Duplicate business skipped | index=1 | name=Pizza Sara
2026-09-14 05:22:58 | INFO | core.pipeline | Scrape run completed | run_id=2 | found=1 | new=0 | updated=0 | duplicates=1 | errors=0
2026-09-14 05:22:58 | DEBUG | core.pipeline | Database session closed | run_id=2
2026-09-14 05:22:58 | INFO | core.pipeline | Scrape run started | source=google_maps | keyword=فست فود | location=مشهد | run_id=1
2026-09-14 05:22:58 | INFO | core.pipeline | Scraping started | run_id=1
2026-09-14 05:22:58 | INFO | core.pipeline | Scraping finished | run_id=1 | found=1
2026-09-14 05:22:58 | DEBUG | core.pipeline | Business inserted | index=1 | name=Pizza Sara
2026-09-14 05:22:58 | INFO | core.pipeline | Scrape run completed | run_id=1 | found=1 | new=1 | updated=0 | duplicates=0 | errors=0
2026-09-14 05:22:58 | DEBUG | core.pipeline | Database session closed | run_id=1
2026-09-14 05:22:58 | INFO | core.pipeline | Scrape run started | source=google_maps | keyword=فست فود | location=مشهد | run_id=2
2026-09-14 05:22:58 | INFO | core.pipeline | Scraping started | run_id=2
2026-09-14 05:22:58 | INFO | core.pipeline | Scraping finished | run_id=2 | found=1
2026-09-14 05:22:58 | DEBUG | core.pipeline | Business updated | index=1 | name=Pizza Sara
2026-09-14 05:22:58 | INFO | core.pipeline | Scrape run completed | run_id=2 | found=1 | new=0 | updated=1 | duplicates=0 | errors=0
2026-09-14 05:22:58 | DEBUG | core.pipeline | Database session closed | run_id=2
2026-09-14 05:22:58 | INFO | core.pipeline | Scrape run started | source=google_maps | keyword=پیتزا | location=مشهد | run_id=1
2026-09-14 05:22:58 | INFO | core.pipeline | Scraping started | run_id=1
2026-09-14 05:22:58 | INFO | core.pipeline | Scraping finished | run_id=1 | found=1
2026-09-14 05:22:58 | DEBUG | core.pipeline | Business inserted | index=1 | name=Pizza Sara
2026-09-14 05:22:58 | INFO | core.pipeline | Scrape run completed | run_id=1 | found=1 | new=1 | updated=0 | duplicates=0 | errors=0
2026-09-14 05:22:58 | DEBUG | core.pipeline | Database session closed | run_id=1
2026-09-14 05:39:51 | INFO | test_file | Test log message
2026-09-14 05:39:51 | INFO | test_message | LOGGER_TEST_MESSAGE_12345
2026-09-14 05:39:51 | INFO | core.pipeline | Scrape run started | source=google_maps | keyword=فست فود | location=مشهد | run_id=1
2026-09-14 05:39:52 | INFO | core.pipeline | Scraping started | run_id=1
2026-09-14 05:39:52 | INFO | core.pipeline | Scraping finished | run_id=1 | found=2
2026-09-14 05:39:52 | DEBUG | core.pipeline | Business inserted | index=1 | name=Pizza Sara
2026-09-14 05:39:52 | DEBUG | core.pipeline | Business inserted | index=2 | name=Ace Burger
2026-09-14 05:39:52 | INFO | core.pipeline | Scrape run completed | run_id=1 | found=2 | new=2 | updated=0 | duplicates=0 | errors=0
2026-09-14 05:39:52 | DEBUG | core.pipeline | Database session closed | run_id=1
2026-09-14 05:39:52 | INFO | core.pipeline | Scrape run started | source=google_maps | keyword=فست فود | location=مشهد | run_id=1
2026-09-14 05:39:52 | INFO | core.pipeline | Scraping started | run_id=1
2026-09-14 05:39:52 | INFO | core.pipeline | Scraping finished | run_id=1 | found=1
2026-09-14 05:39:52 | DEBUG | core.pipeline | Business inserted | index=1 | name=Pizza Sara
2026-09-14 05:39:52 | INFO | core.pipeline | Scrape run completed | run_id=1 | found=1 | new=1 | updated=0 | duplicates=0 | errors=0
2026-09-14 05:39:52 | DEBUG | core.pipeline | Database session closed | run_id=1
2026-09-14 05:39:52 | INFO | core.pipeline | Scrape run started | source=google_maps | keyword=فست فود | location=مشهد | run_id=2
2026-09-14 05:39:52 | INFO | core.pipeline | Scraping started | run_id=2
2026-09-14 05:39:52 | INFO | core.pipeline | Scraping finished | run_id=2 | found=1
2026-09-14 05:39:52 | DEBUG | core.pipeline | Duplicate business skipped | index=1 | name=Pizza Sara
2026-09-14 05:39:52 | INFO | core.pipeline | Scrape run completed | run_id=2 | found=1 | new=0 | updated=0 | duplicates=1 | errors=0
2026-09-14 05:39:52 | DEBUG | core.pipeline | Database session closed | run_id=2
2026-09-14 05:39:52 | INFO | core.pipeline | Scrape run started | source=google_maps | keyword=فست فود | location=مشهد | run_id=1
2026-09-14 05:39:52 | INFO | core.pipeline | Scraping started | run_id=1
2026-09-14 05:39:52 | INFO | core.pipeline | Scraping finished | run_id=1 | found=1
2026-09-14 05:39:52 | DEBUG | core.pipeline | Business inserted | index=1 | name=Pizza Sara
2026-09-14 05:39:52 | INFO | core.pipeline | Scrape run completed | run_id=1 | found=1 | new=1 | updated=0 | duplicates=0 | errors=0
2026-09-14 05:39:52 | DEBUG | core.pipeline | Database session closed | run_id=1
2026-09-14 05:39:52 | INFO | core.pipeline | Scrape run started | source=google_maps | keyword=فست فود | location=مشهد | run_id=2
2026-09-14 05:39:52 | INFO | core.pipeline | Scraping started | run_id=2
2026-09-14 05:39:52 | INFO | core.pipeline | Scraping finished | run_id=2 | found=1
2026-09-14 05:39:52 | DEBUG | core.pipeline | Business updated | index=1 | name=Pizza Sara
2026-09-14 05:39:52 | INFO | core.pipeline | Scrape run completed | run_id=2 | found=1 | new=0 | updated=1 | duplicates=0 | errors=0
2026-09-14 05:39:52 | DEBUG | core.pipeline | Database session closed | run_id=2
2026-09-14 05:39:52 | INFO | core.pipeline | Scrape run started | source=google_maps | keyword=پیتزا | location=مشهد | run_id=1
2026-09-14 05:39:52 | INFO | core.pipeline | Scraping started | run_id=1
2026-09-14 05:39:52 | INFO | core.pipeline | Scraping finished | run_id=1 | found=1
2026-09-14 05:39:52 | DEBUG | core.pipeline | Business inserted | index=1 | name=Pizza Sara
2026-09-14 05:39:52 | INFO | core.pipeline | Scrape run completed | run_id=1 | found=1 | new=1 | updated=0 | duplicates=0 | errors=0
2026-09-14 05:39:52 | DEBUG | core.pipeline | Database session closed | run_id=1
2026-09-14 05:54:32 | INFO | core.pipeline | Scrape run started | source=google_maps | keyword=فست فود | location=مشهد | run_id=1
2026-09-14 05:54:32 | INFO | core.pipeline | Scraping started | run_id=1
2026-09-14 05:54:32 | INFO | core.pipeline | Scraping finished | run_id=1 | found=2
2026-09-14 05:54:32 | DEBUG | core.pipeline | Business inserted | index=1 | name=Pizza Sara
2026-09-14 05:54:32 | DEBUG | core.pipeline | Business inserted | index=2 | name=Ace Burger
2026-09-14 05:54:32 | INFO | core.pipeline | Scrape run completed | run_id=1 | found=2 | new=2 | updated=0 | duplicates=0 | errors=0
2026-09-14 05:54:32 | DEBUG | core.pipeline | Database session closed | run_id=1
2026-09-14 05:54:32 | INFO | core.pipeline | Scrape run started | source=google_maps | keyword=فست فود | location=مشهد | run_id=1
2026-09-14 05:54:32 | INFO | core.pipeline | Scraping started | run_id=1
2026-09-14 05:54:32 | INFO | core.pipeline | Scraping finished | run_id=1 | found=1
2026-09-14 05:54:32 | DEBUG | core.pipeline | Business inserted | index=1 | name=Pizza Sara
2026-09-14 05:54:32 | INFO | core.pipeline | Scrape run completed | run_id=1 | found=1 | new=1 | updated=0 | duplicates=0 | errors=0
2026-09-14 05:54:32 | DEBUG | core.pipeline | Database session closed | run_id=1
2026-09-14 05:54:32 | INFO | core.pipeline | Scrape run started | source=google_maps | keyword=فست فود | location=مشهد | run_id=2
2026-09-14 05:54:32 | INFO | core.pipeline | Scraping started | run_id=2
2026-09-14 05:54:32 | INFO | core.pipeline | Scraping finished | run_id=2 | found=1
2026-09-14 05:54:32 | DEBUG | core.pipeline | Duplicate business skipped | index=1 | name=Pizza Sara
2026-09-14 05:54:32 | INFO | core.pipeline | Scrape run completed | run_id=2 | found=1 | new=0 | updated=0 | duplicates=1 | errors=0
2026-09-14 05:54:32 | DEBUG | core.pipeline | Database session closed | run_id=2
2026-09-14 05:54:32 | INFO | core.pipeline | Scrape run started | source=google_maps | keyword=فست فود | location=مشهد | run_id=1
2026-09-14 05:54:32 | INFO | core.pipeline | Scraping started | run_id=1
2026-09-14 05:54:32 | INFO | core.pipeline | Scraping finished | run_id=1 | found=1
2026-09-14 05:54:32 | DEBUG | core.pipeline | Business inserted | index=1 | name=Pizza Sara
2026-09-14 05:54:32 | INFO | core.pipeline | Scrape run completed | run_id=1 | found=1 | new=1 | updated=0 | duplicates=0 | errors=0
2026-09-14 05:54:32 | DEBUG | core.pipeline | Database session closed | run_id=1
2026-09-14 05:54:32 | INFO | core.pipeline | Scrape run started | source=google_maps | keyword=فست فود | location=مشهد | run_id=2
2026-09-14 05:54:32 | INFO | core.pipeline | Scraping started | run_id=2
2026-09-14 05:54:32 | INFO | core.pipeline | Scraping finished | run_id=2 | found=1
2026-09-14 05:54:32 | DEBUG | core.pipeline | Business updated | index=1 | name=Pizza Sara
2026-09-14 05:54:32 | INFO | core.pipeline | Scrape run completed | run_id=2 | found=1 | new=0 | updated=1 | duplicates=0 | errors=0
2026-09-14 05:54:32 | DEBUG | core.pipeline | Database session closed | run_id=2
2026-09-14 05:54:32 | INFO | core.pipeline | Scrape run started | source=google_maps | keyword=پیتزا | location=مشهد | run_id=1
2026-09-14 05:54:32 | INFO | core.pipeline | Scraping started | run_id=1
2026-09-14 05:54:32 | INFO | core.pipeline | Scraping finished | run_id=1 | found=1
2026-09-14 05:54:32 | DEBUG | core.pipeline | Business inserted | index=1 | name=Pizza Sara
2026-09-14 05:54:32 | INFO | core.pipeline | Scrape run completed | run_id=1 | found=1 | new=1 | updated=0 | duplicates=0 | errors=0
2026-09-14 05:54:32 | DEBUG | core.pipeline | Database session closed | run_id=1
2026-09-14 05:54:32 | INFO | core.pipeline | Scrape run started | source=google_maps | keyword=فست فود | location=مشهد | run_id=1
2026-09-14 05:54:32 | INFO | core.pipeline | Scraping started | run_id=1
2026-09-14 05:54:32 | INFO | core.pipeline | Scraping finished | run_id=1 | found=3
2026-09-14 05:54:32 | DEBUG | core.pipeline | Business inserted | index=1 | name=Pizza Sara
2026-09-14 05:54:32 | ERROR | core.pipeline | Error processing business | index=2 | name=None | error=Business data must be a dictionary.
Traceback (most recent call last):
  File "D:\IT\12 Freelancing\YouTube\AI-Edu\AI-WorkShop-CodingYar\MyProjects\Business-Scraper\core\pipeline.py", line 95, in run
    cleaned_business = self.cleaner.clean(
                       ^^^^^^^^^^^^^^^^^^^
  File "D:\IT\12 Freelancing\YouTube\AI-Edu\AI-WorkShop-CodingYar\MyProjects\Business-Scraper\core\cleaner.py", line 30, in clean
    raise TypeError(
TypeError: Business data must be a dictionary.
2026-09-14 05:54:32 | DEBUG | core.pipeline | Business inserted | index=3 | name=Ace Burger
2026-09-14 05:54:32 | INFO | core.pipeline | Scrape run completed | run_id=1 | found=3 | new=2 | updated=0 | duplicates=0 | errors=1
2026-09-14 05:54:32 | DEBUG | core.pipeline | Database session closed | run_id=1
2026-09-14 05:54:54 | INFO | test_file | Test log message
2026-09-14 05:54:54 | INFO | test_message | LOGGER_TEST_MESSAGE_12345
2026-09-14 05:54:55 | INFO | core.pipeline | Scrape run started | source=google_maps | keyword=فست فود | location=مشهد | run_id=1
2026-09-14 05:54:55 | INFO | core.pipeline | Scraping started | run_id=1
2026-09-14 05:54:55 | INFO | core.pipeline | Scraping finished | run_id=1 | found=2
2026-09-14 05:54:55 | DEBUG | core.pipeline | Business inserted | index=1 | name=Pizza Sara
2026-09-14 05:54:55 | DEBUG | core.pipeline | Business inserted | index=2 | name=Ace Burger
2026-09-14 05:54:55 | INFO | core.pipeline | Scrape run completed | run_id=1 | found=2 | new=2 | updated=0 | duplicates=0 | errors=0
2026-09-14 05:54:55 | DEBUG | core.pipeline | Database session closed | run_id=1
2026-09-14 05:54:55 | INFO | core.pipeline | Scrape run started | source=google_maps | keyword=فست فود | location=مشهد | run_id=1
2026-09-14 05:54:55 | INFO | core.pipeline | Scraping started | run_id=1
2026-09-14 05:54:55 | INFO | core.pipeline | Scraping finished | run_id=1 | found=1
2026-09-14 05:54:55 | DEBUG | core.pipeline | Business inserted | index=1 | name=Pizza Sara
2026-09-14 05:54:55 | INFO | core.pipeline | Scrape run completed | run_id=1 | found=1 | new=1 | updated=0 | duplicates=0 | errors=0
2026-09-14 05:54:55 | DEBUG | core.pipeline | Database session closed | run_id=1
2026-09-14 05:54:55 | INFO | core.pipeline | Scrape run started | source=google_maps | keyword=فست فود | location=مشهد | run_id=2
2026-09-14 05:54:55 | INFO | core.pipeline | Scraping started | run_id=2
2026-09-14 05:54:55 | INFO | core.pipeline | Scraping finished | run_id=2 | found=1
2026-09-14 05:54:55 | DEBUG | core.pipeline | Duplicate business skipped | index=1 | name=Pizza Sara
2026-09-14 05:54:55 | INFO | core.pipeline | Scrape run completed | run_id=2 | found=1 | new=0 | updated=0 | duplicates=1 | errors=0
2026-09-14 05:54:55 | DEBUG | core.pipeline | Database session closed | run_id=2
2026-09-14 05:54:55 | INFO | core.pipeline | Scrape run started | source=google_maps | keyword=فست فود | location=مشهد | run_id=1
2026-09-14 05:54:55 | INFO | core.pipeline | Scraping started | run_id=1
2026-09-14 05:54:55 | INFO | core.pipeline | Scraping finished | run_id=1 | found=1
2026-09-14 05:54:55 | DEBUG | core.pipeline | Business inserted | index=1 | name=Pizza Sara
2026-09-14 05:54:55 | INFO | core.pipeline | Scrape run completed | run_id=1 | found=1 | new=1 | updated=0 | duplicates=0 | errors=0
2026-09-14 05:54:55 | DEBUG | core.pipeline | Database session closed | run_id=1
2026-09-14 05:54:55 | INFO | core.pipeline | Scrape run started | source=google_maps | keyword=فست فود | location=مشهد | run_id=2
2026-09-14 05:54:55 | INFO | core.pipeline | Scraping started | run_id=2
2026-09-14 05:54:55 | INFO | core.pipeline | Scraping finished | run_id=2 | found=1
2026-09-14 05:54:55 | DEBUG | core.pipeline | Business updated | index=1 | name=Pizza Sara
2026-09-14 05:54:55 | INFO | core.pipeline | Scrape run completed | run_id=2 | found=1 | new=0 | updated=1 | duplicates=0 | errors=0
2026-09-14 05:54:55 | DEBUG | core.pipeline | Database session closed | run_id=2
2026-09-14 05:54:55 | INFO | core.pipeline | Scrape run started | source=google_maps | keyword=پیتزا | location=مشهد | run_id=1
2026-09-14 05:54:55 | INFO | core.pipeline | Scraping started | run_id=1
2026-09-14 05:54:55 | INFO | core.pipeline | Scraping finished | run_id=1 | found=1
2026-09-14 05:54:55 | DEBUG | core.pipeline | Business inserted | index=1 | name=Pizza Sara
2026-09-14 05:54:55 | INFO | core.pipeline | Scrape run completed | run_id=1 | found=1 | new=1 | updated=0 | duplicates=0 | errors=0
2026-09-14 05:54:55 | DEBUG | core.pipeline | Database session closed | run_id=1
2026-09-14 05:54:55 | INFO | core.pipeline | Scrape run started | source=google_maps | keyword=فست فود | location=مشهد | run_id=1
2026-09-14 05:54:55 | INFO | core.pipeline | Scraping started | run_id=1
2026-09-14 05:54:55 | INFO | core.pipeline | Scraping finished | run_id=1 | found=3
2026-09-14 05:54:55 | DEBUG | core.pipeline | Business inserted | index=1 | name=Pizza Sara
2026-09-14 05:54:55 | ERROR | core.pipeline | Error processing business | index=2 | name=None | error=Business data must be a dictionary.
Traceback (most recent call last):
  File "D:\IT\12 Freelancing\YouTube\AI-Edu\AI-WorkShop-CodingYar\MyProjects\Business-Scraper\core\pipeline.py", line 95, in run
    cleaned_business = self.cleaner.clean(
                       ^^^^^^^^^^^^^^^^^^^
  File "D:\IT\12 Freelancing\YouTube\AI-Edu\AI-WorkShop-CodingYar\MyProjects\Business-Scraper\core\cleaner.py", line 30, in clean
    raise TypeError(
TypeError: Business data must be a dictionary.
2026-09-14 05:54:55 | DEBUG | core.pipeline | Business inserted | index=3 | name=Ace Burger
2026-09-14 05:54:55 | INFO | core.pipeline | Scrape run completed | run_id=1 | found=3 | new=2 | updated=0 | duplicates=0 | errors=1
2026-09-14 05:54:55 | DEBUG | core.pipeline | Database session closed | run_id=1
2026-09-14 06:01:18 | WARNING | utils.retry | Operation failed | retry=1/3 | error=temporary failure
2026-09-14 06:01:18 | WARNING | utils.retry | Operation failed | retry=2/3 | error=temporary failure
2026-09-14 06:01:18 | WARNING | utils.retry | Operation failed | retry=1/3 | error=persistent failure
2026-09-14 06:01:18 | WARNING | utils.retry | Operation failed | retry=2/3 | error=persistent failure
2026-09-14 06:01:18 | WARNING | utils.retry | Operation failed | retry=3/3 | error=persistent failure
2026-09-14 06:01:18 | ERROR | utils.retry | Operation failed after 4 attempts | error=persistent failure
2026-09-14 06:01:30 | INFO | test_file | Test log message
2026-09-14 06:01:30 | INFO | test_message | LOGGER_TEST_MESSAGE_12345
2026-09-14 06:01:31 | INFO | core.pipeline | Scrape run started | source=google_maps | keyword=فست فود | location=مشهد | run_id=1
2026-09-14 06:01:31 | INFO | core.pipeline | Scraping started | run_id=1
2026-09-14 06:01:31 | INFO | core.pipeline | Scraping finished | run_id=1 | found=2
2026-09-14 06:01:31 | DEBUG | core.pipeline | Business inserted | index=1 | name=Pizza Sara
2026-09-14 06:01:31 | DEBUG | core.pipeline | Business inserted | index=2 | name=Ace Burger
2026-09-14 06:01:31 | INFO | core.pipeline | Scrape run completed | run_id=1 | found=2 | new=2 | updated=0 | duplicates=0 | errors=0
2026-09-14 06:01:31 | DEBUG | core.pipeline | Database session closed | run_id=1
2026-09-14 06:01:31 | INFO | core.pipeline | Scrape run started | source=google_maps | keyword=فست فود | location=مشهد | run_id=1
2026-09-14 06:01:31 | INFO | core.pipeline | Scraping started | run_id=1
2026-09-14 06:01:31 | INFO | core.pipeline | Scraping finished | run_id=1 | found=1
2026-09-14 06:01:31 | DEBUG | core.pipeline | Business inserted | index=1 | name=Pizza Sara
2026-09-14 06:01:31 | INFO | core.pipeline | Scrape run completed | run_id=1 | found=1 | new=1 | updated=0 | duplicates=0 | errors=0
2026-09-14 06:01:31 | DEBUG | core.pipeline | Database session closed | run_id=1
2026-09-14 06:01:31 | INFO | core.pipeline | Scrape run started | source=google_maps | keyword=فست فود | location=مشهد | run_id=2
2026-09-14 06:01:31 | INFO | core.pipeline | Scraping started | run_id=2
2026-09-14 06:01:31 | INFO | core.pipeline | Scraping finished | run_id=2 | found=1
2026-09-14 06:01:31 | DEBUG | core.pipeline | Duplicate business skipped | index=1 | name=Pizza Sara
2026-09-14 06:01:31 | INFO | core.pipeline | Scrape run completed | run_id=2 | found=1 | new=0 | updated=0 | duplicates=1 | errors=0
2026-09-14 06:01:31 | DEBUG | core.pipeline | Database session closed | run_id=2
2026-09-14 06:01:31 | INFO | core.pipeline | Scrape run started | source=google_maps | keyword=فست فود | location=مشهد | run_id=1
2026-09-14 06:01:31 | INFO | core.pipeline | Scraping started | run_id=1
2026-09-14 06:01:31 | INFO | core.pipeline | Scraping finished | run_id=1 | found=1
2026-09-14 06:01:31 | DEBUG | core.pipeline | Business inserted | index=1 | name=Pizza Sara
2026-09-14 06:01:31 | INFO | core.pipeline | Scrape run completed | run_id=1 | found=1 | new=1 | updated=0 | duplicates=0 | errors=0
2026-09-14 06:01:31 | DEBUG | core.pipeline | Database session closed | run_id=1
2026-09-14 06:01:31 | INFO | core.pipeline | Scrape run started | source=google_maps | keyword=فست فود | location=مشهد | run_id=2
2026-09-14 06:01:31 | INFO | core.pipeline | Scraping started | run_id=2
2026-09-14 06:01:31 | INFO | core.pipeline | Scraping finished | run_id=2 | found=1
2026-09-14 06:01:31 | DEBUG | core.pipeline | Business updated | index=1 | name=Pizza Sara
2026-09-14 06:01:31 | INFO | core.pipeline | Scrape run completed | run_id=2 | found=1 | new=0 | updated=1 | duplicates=0 | errors=0
2026-09-14 06:01:31 | DEBUG | core.pipeline | Database session closed | run_id=2
2026-09-14 06:01:31 | INFO | core.pipeline | Scrape run started | source=google_maps | keyword=پیتزا | location=مشهد | run_id=1
2026-09-14 06:01:31 | INFO | core.pipeline | Scraping started | run_id=1
2026-09-14 06:01:31 | INFO | core.pipeline | Scraping finished | run_id=1 | found=1
2026-09-14 06:01:31 | DEBUG | core.pipeline | Business inserted | index=1 | name=Pizza Sara
2026-09-14 06:01:31 | INFO | core.pipeline | Scrape run completed | run_id=1 | found=1 | new=1 | updated=0 | duplicates=0 | errors=0
2026-09-14 06:01:31 | DEBUG | core.pipeline | Database session closed | run_id=1
2026-09-14 06:01:31 | INFO | core.pipeline | Scrape run started | source=google_maps | keyword=فست فود | location=مشهد | run_id=1
2026-09-14 06:01:31 | INFO | core.pipeline | Scraping started | run_id=1
2026-09-14 06:01:31 | INFO | core.pipeline | Scraping finished | run_id=1 | found=3
2026-09-14 06:01:31 | DEBUG | core.pipeline | Business inserted | index=1 | name=Pizza Sara
2026-09-14 06:01:31 | ERROR | core.pipeline | Error processing business | index=2 | name=None | error=Business data must be a dictionary.
Traceback (most recent call last):
  File "D:\IT\12 Freelancing\YouTube\AI-Edu\AI-WorkShop-CodingYar\MyProjects\Business-Scraper\core\pipeline.py", line 95, in run
    cleaned_business = self.cleaner.clean(
                       ^^^^^^^^^^^^^^^^^^^
  File "D:\IT\12 Freelancing\YouTube\AI-Edu\AI-WorkShop-CodingYar\MyProjects\Business-Scraper\core\cleaner.py", line 30, in clean
    raise TypeError(
TypeError: Business data must be a dictionary.
2026-09-14 06:01:31 | DEBUG | core.pipeline | Business inserted | index=3 | name=Ace Burger
2026-09-14 06:01:31 | INFO | core.pipeline | Scrape run completed | run_id=1 | found=3 | new=2 | updated=0 | duplicates=0 | errors=1
2026-09-14 06:01:31 | DEBUG | core.pipeline | Database session closed | run_id=1
2026-09-14 06:01:31 | WARNING | utils.retry | Operation failed | retry=1/3 | error=temporary failure
2026-09-14 06:01:31 | WARNING | utils.retry | Operation failed | retry=2/3 | error=temporary failure
2026-09-14 06:01:31 | WARNING | utils.retry | Operation failed | retry=1/3 | error=persistent failure
2026-09-14 06:01:31 | WARNING | utils.retry | Operation failed | retry=2/3 | error=persistent failure
2026-09-14 06:01:31 | WARNING | utils.retry | Operation failed | retry=3/3 | error=persistent failure
2026-09-14 06:01:31 | ERROR | utils.retry | Operation failed after 4 attempts | error=persistent failure
